/Users/manel/Documents/Phd/ICSOC_2019/ServiceIdentification_copie/project/src/main/java/tmp/uqam/stage/graph/structure/DependencyGraph.java
/Users/manel/Documents/Phd/ICSOC_2019/ServiceIdentification_copie/project/src/main/java/tmp/uqam/stage/metamodel/Link.java
/Users/manel/Documents/Phd/ICSOC_2019/ServiceIdentification_copie/project/src/main/java/tmp/uqam/stage/MinSpanningTree/ComponentComparator.java
/Users/manel/Documents/Phd/ICSOC_2019/ServiceIdentification_copie/project/src/main/java/tmp/uqam/stage/MinSpanningTree/Component.java
/Users/manel/Documents/Phd/ICSOC_2019/ServiceIdentification_copie/project/src/main/java/tmp/uqam/stage/main/Orchestrator.java
/Users/manel/Documents/Phd/ICSOC_2019/ServiceIdentification_copie/project/src/main/java/tmp/uqam/stage/metamodel/kdmparser/KDMMetaModelParser.java
/Users/manel/Documents/Phd/ICSOC_2019/ServiceIdentification_copie/project/src/main/java/tmp/uqam/stage/metamodel/MetaModel.java
/Users/manel/Documents/Phd/ICSOC_2019/ServiceIdentification_copie/project/src/main/java/tmp/uqam/stage/MinSpanningTree/Coupling.java
/Users/manel/Documents/Phd/ICSOC_2019/ServiceIdentification_copie/project/src/main/java/tmp/uqam/stage/MinSpanningTree/MSTGraphClusterer.java
/Users/manel/Documents/Phd/ICSOC_2019/ServiceIdentification_copie/project/src/main/java/tmp/uqam/stage/MinSpanningTree/MinimumSpanningTreeClustering.java
/Users/manel/Documents/Phd/ICSOC_2019/ServiceIdentification_copie/project/src/main/java/tmp/uqam/stage/graph/structure/SpanningTreeGraph.java
/Users/manel/Documents/Phd/ICSOC_2019/ServiceIdentification_copie/project/src/main/java/tmp/uqam/stage/graph/structure/ClassVertexNotFoundException.java
/Users/manel/Documents/Phd/ICSOC_2019/ServiceIdentification_copie/project/src/main/java/tmp/uqam/stage/metamodel/kdmparser/KDMModelNotFoundException.java
/Users/manel/Documents/Phd/ICSOC_2019/ServiceIdentification_copie/project/src/main/java/tmp/uqam/stage/MinSpanningTree/NodeWeightPair.java
/Users/manel/Documents/Phd/ICSOC_2019/ServiceIdentification_copie/project/src/main/java/tmp/uqam/stage/MinSpanningTree/WeightedEdge.java
/Users/manel/Documents/Phd/ICSOC_2019/ServiceIdentification_copie/project/src/main/java/tmp/uqam/stage/MinSpanningTree/WeightedEdgeComparator.java
/Users/manel/Documents/Phd/ICSOC_2019/ServiceIdentification_copie/project/src/main/java/tmp/uqam/stage/graph/structure/ServiceTypes.java
/Users/manel/Documents/Phd/ICSOC_2019/ServiceIdentification_copie/project/src/main/java/tmp/uqam/stage/metamodel/LinkType.java
/Users/manel/Documents/Phd/ICSOC_2019/ServiceIdentification_copie/project/src/main/java/tmp/uqam/stage/metamodel/ModelReader.java
/Users/manel/Documents/Phd/ICSOC_2019/ServiceIdentification_copie/project/src/main/java/tmp/uqam/stage/graph/structure/Edge.java
/Users/manel/Documents/Phd/ICSOC_2019/ServiceIdentification_copie/project/src/main/java/tmp/uqam/stage/MinSpanningTree/ClassNode.java
/Users/manel/Documents/Phd/ICSOC_2019/ServiceIdentification_copie/project/src/main/java/tmp/uqam/stage/MinSpanningTree/BaseCoupling.java
/Users/manel/Documents/Phd/ICSOC_2019/ServiceIdentification_copie/project/src/main/java/tmp/uqam/stage/metamodel/LinkMap.java
/Users/manel/Documents/Phd/ICSOC_2019/ServiceIdentification_copie/project/src/main/java/tmp/uqam/stage/metamodel/kdmparser/GenericClassUnit.java
/Users/manel/Documents/Phd/ICSOC_2019/ServiceIdentification_copie/project/src/main/java/tmp/uqam/stage/MinSpanningTree/ConnectedComponents.java
/Users/manel/Documents/Phd/ICSOC_2019/ServiceIdentification_copie/project/src/main/java/tmp/uqam/stage/main/Translator.java
/Users/manel/Documents/Phd/ICSOC_2019/ServiceIdentification_copie/project/src/main/java/tmp/uqam/stage/MinSpanningTree/ClassNodeComparator.java
/Users/manel/Documents/Phd/ICSOC_2019/ServiceIdentification_copie/project/src/main/java/tmp/uqam/stage/metamodel/MetaModelParser.java
/Users/manel/Documents/Phd/ICSOC_2019/ServiceIdentification_copie/project/src/main/java/tmp/uqam/stage/metamodel/kdmparser/Metrics.java
/Users/manel/Documents/Phd/ICSOC_2019/ServiceIdentification_copie/project/src/main/java/tmp/uqam/stage/MinSpanningTree/MinimumSpanningTree.java
